[natours.netlify.app/index.html]
[natours.netlify.app/css/style.css]
[natours.netlify.app/img/favicon.png]
[backblue.gif]
[fade.gif]
[index.html]
[natours.netlify.app/img/logo-white.png]
[natours.netlify.app/img/nat-1-large.jpg]
[natours.netlify.app/img/nat-2-large.jpg]
[natours.netlify.app/img/nat-3-large.jpg]
[natours.netlify.app/img/video.mp4]
[natours.netlify.app/img/video.webm]
[natours.netlify.app/img/nat-8.jpg]
[natours.netlify.app/img/nat-9.jpg]
[natours.netlify.app/img/logo-green-2x.png]
[natours.netlify.app/index.html]
[natours.netlify.app/css/fonts/linea-basic-10.eot]
[natours.netlify.app/css/fonts/linea-basic-10d41d.eot]
[natours.netlify.app/css/fonts/linea-basic-10.woff]
[natours.netlify.app/css/fonts/linea-basic-10.ttf]
[natours.netlify.app/css/fonts/linea-basic-10.svg]
[natours.netlify.app/img/nat-5.jpg]
[natours.netlify.app/img/nat-6.jpg]
[natours.netlify.app/img/nat-7.jpg]
[natours.netlify.app/img/hero-small.jpg]
[natours.netlify.app/img/hero.jpg]
[natours.netlify.app/img/nat-4.jpg]
[natours.netlify.app/img/nat-10.jpg]
[natours.netlify.app/css/style.css]
[natours.netlify.app/css/fonts/linea-basic-10.svg]
[natours.netlify.app/img/video.webm]
